// Jest Snapshot v1, https://goo.gl/fbAQLP

exports[`<CarouselTile /> component matches snapshot 1`] = `
<div
  className="tile__container"
  onClick={undefined}
>
  <div
    className="tile__media"
  >
    <img
      className="tile__img"
      src="https://s3-ap-southeast-2.amazonaws.com/hayekhouses/outside/1.jpg"
    />
  </div>
  <div
    className="tile__details"
  >
    <div
      className="tile__title"
    />
  </div>
</div>
`;
