// Jest Snapshot v1, https://goo.gl/fbAQLP

exports[` component matches snapshot 1`] = `
<div
  className={undefined}
>
  $123,123
</div>
`;
